✔ sample node links: v8-cpu none -> validates the complete tree (1070.572709ms)
✔ sample node links: v8-cpu dangling -> validates the complete tree (0.399833ms)
✔ sample node links: v8-cpu duplicate -> validates the complete tree (0.106ms)
✔ sample node links: v8-cpu unreachable -> validates the complete tree (0.113791ms)
✔ sample node links: v8-allocation none -> validates the complete tree (0.120625ms)
✔ sample node links: v8-allocation dangling -> validates the complete tree (0.099875ms)
✔ sample node links: v8-allocation duplicate -> validates the complete tree (0.107708ms)
✔ serving runtime identity mismatch is rejected despite matching artifact hashes (0.117083ms)
✔ profile completeness compares authenticated serving versions: 24 (0.247542ms)
✔ profile completeness compares authenticated serving versions: 25 (0.107167ms)
✔ target selection supports every target and rejects unknown or duplicate entries (0.0745ms)
✔ optional inspector launch preserves default args and isolates runtime flags (1.088208ms)
✔ CPU validity rejects startup-only samples and accepts request stack ancestry (0.081042ms)
✔ requestSamples: legitimate Nest handlers in v8-cpu -> count handler and descendants only (0.293083ms)
✔ requestSamples: Nest startup and unrelated frames in v8-cpu -> reject all samples (0.640417ms)
✔ requestSamples: legitimate Nest handlers in v8-allocation -> count handler and descendants only (0.193083ms)
✔ requestSamples: Nest startup and unrelated frames in v8-allocation -> reject all samples (0.746792ms)
✔ requestSamples: verified Deno bundle request frames in v8-cpu -> count descendants without siblings (0.399125ms)
✔ requestSamples: Deno bundle startup or ambiguous frames in v8-cpu -> reject all samples (0.352958ms)
✔ requestSamples: bundled stage read beneath dispatch in v8-cpu -> exclude startup sibling (0.032291ms)
✔ requestSamples: Workers and verified Next host request ancestry in v8-cpu -> remains recognized (0.077ms)
✔ requestSamples: Next startup bundle in v8-cpu -> rejects path-only attribution (0.035625ms)
✔ requestSamples: Next bundle beneath request handler in v8-cpu -> counts descendants only (0.048667ms)
✔ requestSamples: adjacent startup sources in v8-cpu -> requires a known request frame (0.097291ms)
✔ requestSamples: verified Deno bundle request frames in v8-allocation -> count descendants without siblings (0.334333ms)
✔ requestSamples: Deno bundle startup or ambiguous frames in v8-allocation -> reject all samples (0.487208ms)
✔ requestSamples: bundled stage read beneath dispatch in v8-allocation -> exclude startup sibling (0.022875ms)
✔ requestSamples: Workers and verified Next host request ancestry in v8-allocation -> remains recognized (0.059541ms)
✔ requestSamples: Next startup bundle in v8-allocation -> rejects path-only attribution (0.039583ms)
✔ requestSamples: Next bundle beneath request handler in v8-allocation -> counts descendants only (0.023375ms)
✔ requestSamples: adjacent startup sources in v8-allocation -> requires a known request frame (0.400583ms)
✔ requestSamples: Workers application dispatch in v8-cpu -> count request descendants only (0.13475ms)
✔ requestSamples: Workers startup and ambiguous frames in v8-cpu -> reject samples (0.138209ms)
✔ requestSamples: Workers application dispatch in v8-allocation -> count request descendants only (0.077292ms)
✔ requestSamples: Workers startup and ambiguous frames in v8-allocation -> reject samples (0.132666ms)
✔ RuntimeCapture.stop: native-bun GC diagnostics -> identifies actual collection source (3.313625ms)
✔ RuntimeCapture.stop: native-deno GC diagnostics -> identifies actual collection source (0.702583ms)
✔ RuntimeCapture.stop: native-nodejs GC diagnostics -> identifies actual collection source (0.634084ms)
✔ JSC stacks and heap snapshots remain separate evidence formats (0.136041ms)
✔ allocation snapshot priming preserves the final stop response, not the interim profile (0.81475ms)
✔ stage-only request frames include anonymous and zero-argument handlers but exclude startup factories (0.171542ms)
✔ capture validity accepts hashed profiles with serving identity and real successful traffic (0.078083ms)
✔ empty CPU samples fail even when raw bytes and hashes agree (0.071291ms)
✔ validateCapture: missing-timing with valid raw hash -> rejects CPU time fields (0.071541ms)
✔ validateCapture: nonfinite-interval with valid raw hash -> rejects CPU time fields (0.034375ms)
✔ validateCapture: reversed-interval with valid raw hash -> rejects CPU time fields (0.032833ms)
✔ validateCapture: mismatched-deltas with valid raw hash -> rejects CPU time fields (0.039375ms)
✔ validateCapture: negative-delta with valid raw hash -> rejects CPU time fields (0.041333ms)
✔ validateCapture: nonfinite-delta with valid raw hash -> rejects CPU time fields (0.041666ms)
✔ validateCapture: excess-deltas with valid raw hash -> rejects CPU time fields (0.0355ms)
✔ capture validity rejects missing-raw (0.085875ms)
✔ capture validity rejects wrong-hash (0.05ms)
✔ capture validity rejects wrong-subject (0.033542ms)
✔ capture validity rejects partial-controls (0.032625ms)
✔ capture validity rejects wrong-mode (0.039375ms)
✔ capture validity rejects missing-provenance (0.042042ms)
✔ capture validity rejects failed (0.025625ms)
✔ capture validity rejects fake-unsupported (0.038834ms)
✔ capture validity rejects abnormal-signal (0.046125ms)
✔ profile completeness rejects absent and duplicate expected conditions (0.106ms)
✔ canonical Next graceful SIGTERM exit 143 preserves flushed profile validity (0.072833ms)
✔ timing completeness accepts exactly 2112 fresh uninstrumented stage and business conditions (7.973417ms)
✔ timing completeness rejects historical-576 (3.987917ms)
✔ timing completeness rejects instrumented (4.309ms)
✔ timing completeness rejects missing-condition (6.584083ms)
✔ timing completeness rejects duplicate-condition (3.553459ms)
✔ timing completeness rejects wrong-provenance (4.377ms)
✔ timing completeness rejects zero-traffic (6.210042ms)
✔ timing completeness rejects status-mismatch (3.664416ms)
✔ timing completeness rejects timeout (3.602334ms)
✔ timing completeness rejects wrong-interval (3.846417ms)
✔ timing completeness rejects wrong-build (5.445ms)
ℹ tests 72
ℹ suites 0
ℹ pass 72
ℹ fail 0
ℹ cancelled 0
ℹ skipped 0
ℹ todo 0
ℹ duration_ms 1417.151083
